{"type":"newline","line":3}
{"type":"tag","line":3,"val":"ul","selfClosing":false}
{"type":"indent","line":4,"val":2}
{"type":"tag","line":4,"val":"li","selfClosing":false}
{"type":"text","line":4,"val":"foo"}
{"type":"newline","line":6}
{"type":"tag","line":6,"val":"li","selfClosing":false}
{"type":"text","line":6,"val":"bar"}
{"type":"newline","line":8}
{"type":"tag","line":8,"val":"li","selfClosing":false}
{"type":"text","line":8,"val":"baz"}
{"type":"outdent","line":9}
{"type":"eos","line":9}