{"type":"blockcode","line":1}
{"type":"start-pipeless-text","line":1}
{"type":"text","line":2,"val":"list = [\"uno\", \"dos\", \"tres\","}
{"type":"newline","line":3}
{"type":"text","line":3,"val":"        \"cuatro\", \"cinco\", \"seis\"];"}
{"type":"end-pipeless-text","line":3}
{"type":"newline","line":4}
{"type":"comment","line":4,"val":" Without a block, the element is accepted and no code is generated","buffer":false}
{"type":"newline","line":5}
{"type":"blockcode","line":5}
{"type":"newline","line":6}
{"type":"each","line":6,"val":"item","code":"list"}
{"type":"indent","line":7,"val":2}
{"type":"blockcode","line":7}
{"type":"start-pipeless-text","line":7}
{"type":"text","line":8,"val":"string = item.charAt(0)"}
{"type":"newline","line":9}
{"type":"text","line":9,"val":""}
{"type":"newline","line":10}
{"type":"text","line":10,"val":"  .toUpperCase() +"}
{"type":"newline","line":11}
{"type":"text","line":11,"val":"item.slice(1);"}
{"type":"end-pipeless-text","line":11}
{"type":"newline","line":12}
{"type":"tag","line":12,"val":"li","selfClosing":false}
{"type":"code","line":12,"val":"string","escape":true,"buffer":true}
{"type":"outdent","line":12}
{"type":"eos","line":12}