{"type":"tag","line":1,"val":"ul","selfClosing":false}
{"type":"indent","line":2,"val":2}
{"type":"tag","line":2,"val":"li","selfClosing":false}
{"type":":","line":2}
{"type":"tag","line":2,"val":"a","selfClosing":false}
{"type":"attrs","line":2,"attrs":[{"name":"href","val":"'#'","escaped":true}]}
{"type":"text","line":2,"val":"foo"}
{"type":"newline","line":3}
{"type":"tag","line":3,"val":"li","selfClosing":false}
{"type":":","line":3}
{"type":"tag","line":3,"val":"a","selfClosing":false}
{"type":"attrs","line":3,"attrs":[{"name":"href","val":"'#'","escaped":true}]}
{"type":"text","line":3,"val":"bar"}
{"type":"outdent","line":5}
{"type":"tag","line":5,"val":"p","selfClosing":false}
{"type":"text","line":5,"val":"baz"}
{"type":"eos","line":5}