{"type":"tag","line":1,"val":"a","selfClosing":false}
{"type":"attrs","line":1,"attrs":[{"name":"class","val":"['foo', 'bar', 'baz']","escaped":true}]}
{"type":"newline","line":5}
{"type":"tag","line":5,"val":"a","selfClosing":false}
{"type":"class","line":5,"val":"foo"}
{"type":"attrs","line":5,"attrs":[{"name":"class","val":"'bar'","escaped":true}]}
{"type":"class","line":5,"val":"baz"}
{"type":"newline","line":9}
{"type":"tag","line":9,"val":"a","selfClosing":false}
{"type":"class","line":9,"val":"foo-bar_baz"}
{"type":"newline","line":11}
{"type":"tag","line":11,"val":"a","selfClosing":false}
{"type":"attrs","line":11,"attrs":[{"name":"class","val":"{foo: true, bar: false, baz: true}","escaped":true}]}
{"type":"newline","line":12}
{"type":"eos","line":12}