{"type":"tag","line":1,"val":"p","selfClosing":false}
{"type":"code","line":1,"val":"null","escape":true,"buffer":true}
{"type":"newline","line":2}
{"type":"tag","line":2,"val":"p","selfClosing":false}
{"type":"code","line":2,"val":"undefined","escape":true,"buffer":true}
{"type":"newline","line":3}
{"type":"tag","line":3,"val":"p","selfClosing":false}
{"type":"code","line":3,"val":"''","escape":true,"buffer":true}
{"type":"newline","line":4}
{"type":"tag","line":4,"val":"p","selfClosing":false}
{"type":"code","line":4,"val":"0","escape":true,"buffer":true}
{"type":"newline","line":5}
{"type":"tag","line":5,"val":"p","selfClosing":false}
{"type":"code","line":5,"val":"false","escape":true,"buffer":true}
{"type":"newline","line":6}
{"type":"tag","line":6,"val":"p","selfClosing":false}
{"type":"attrs","line":6,"attrs":[{"name":"foo","val":"null","escaped":true}]}
{"type":"newline","line":7}
{"type":"tag","line":7,"val":"p","selfClosing":false}
{"type":"attrs","line":7,"attrs":[{"name":"foo","val":"undefined","escaped":true}]}
{"type":"newline","line":8}
{"type":"tag","line":8,"val":"p","selfClosing":false}
{"type":"attrs","line":8,"attrs":[{"name":"foo","val":"''","escaped":true}]}
{"type":"newline","line":9}
{"type":"tag","line":9,"val":"p","selfClosing":false}
{"type":"attrs","line":9,"attrs":[{"name":"foo","val":"0","escaped":true}]}
{"type":"newline","line":10}
{"type":"tag","line":10,"val":"p","selfClosing":false}
{"type":"attrs","line":10,"attrs":[{"name":"foo","val":"false","escaped":true}]}
{"type":"eos","line":10}