{"type":"doctype","line":1,"val":"html"}
{"type":"eos","line":1}