{"type":"tag","line":1,"val":"p","selfClosing":false}
{"type":"text","line":1,"val":"before "}
{"type":"start-jade-interpolation","line":1}
{"type":"filter","line":1,"val":"cdata"}
{"type":"text","line":1,"val":"inside"}
{"type":"end-jade-interpolation","line":1}
{"type":"text","line":1,"val":" after"}
{"type":"eos","line":1}