{"type":"tag","line":1,"val":"html","selfClosing":false}
{"type":"indent","line":2,"val":2}
{"type":"tag","line":2,"val":"body","selfClosing":false}
{"type":"indent","line":3,"val":4}
{"type":"filter","line":3,"val":"markdown"}
{"type":"start-pipeless-text","line":3}
{"type":"text","line":4,"val":"This is _some_ awesome **markdown**"}
{"type":"newline","line":5}
{"type":"text","line":5,"val":"whoop."}
{"type":"end-pipeless-text","line":5}
{"type":"outdent","line":5}
{"type":"outdent","line":5}
{"type":"eos","line":5}