{"type":"newline","line":2}
{"type":"include","line":2,"val":"auxiliary/mixins"}
{"type":"newline","line":4}
{"type":"call","line":4,"val":"foo"}
{"type":"newline","line":6}
{"type":"tag","line":6,"val":"body","selfClosing":false}
{"type":"indent","line":7,"val":2}
{"type":"include","line":7,"val":"auxiliary/smile.html"}
{"type":"newline","line":8}
{"type":"include","line":8,"val":"auxiliary/escapes.html"}
{"type":"newline","line":9}
{"type":"tag","line":9,"val":"script","selfClosing":false}
{"type":"attrs","line":9,"attrs":[{"name":"type","val":"\"text/javascript\"","escaped":true}]}
{"type":"indent","line":10,"val":4}
{"type":"include","line":10,"val":"auxiliary/includable.js","filter":"js","attrs":null}
{"type":"outdent","line":11}
{"type":"outdent","line":11}
{"type":"eos","line":11}