{"type":"tag","line":1,"val":"style","selfClosing":false}
{"type":"attrs","line":1,"attrs":[{"name":"type","val":"\"text/css\"","escaped":true}]}
{"type":"indent","line":2,"val":2}
{"type":"include","line":2,"val":"some.styl","filter":"styl","attrs":null}
{"type":"outdent","line":3}
{"type":"eos","line":3}