{"type":"tag","line":1,"val":"html","selfClosing":false}
{"type":"indent","line":2,"val":2}
{"type":"tag","line":2,"val":"head","selfClosing":false}
{"type":"indent","line":3,"val":4}
{"type":"block","line":3,"val":"head","mode":"replace"}
{"type":"indent","line":4,"val":6}
{"type":"tag","line":4,"val":"script","selfClosing":false}
{"type":"attrs","line":4,"attrs":[{"name":"src","val":"'jquery.js'","escaped":true}]}
{"type":"newline","line":5}
{"type":"tag","line":5,"val":"script","selfClosing":false}
{"type":"attrs","line":5,"attrs":[{"name":"src","val":"'keymaster.js'","escaped":true}]}
{"type":"newline","line":6}
{"type":"tag","line":6,"val":"script","selfClosing":false}
{"type":"attrs","line":6,"attrs":[{"name":"src","val":"'caustic.js'","escaped":true}]}
{"type":"outdent","line":6}
{"type":"outdent","line":6}
{"type":"outdent","line":6}
{"type":"eos","line":6}