{"type":"newline","line":2}
{"type":"extends","line":2,"val":"../fixtures/append-without-block/app-layout"}
{"type":"newline","line":4}
{"type":"block","line":4,"val":"head","mode":"append"}
{"type":"indent","line":5,"val":2}
{"type":"tag","line":5,"val":"script","selfClosing":false}
{"type":"attrs","line":5,"attrs":[{"name":"src","val":"'foo.js'","escaped":true}]}
{"type":"newline","line":6}
{"type":"tag","line":6,"val":"script","selfClosing":false}
{"type":"attrs","line":6,"attrs":[{"name":"src","val":"'bar.js'","escaped":true}]}
{"type":"outdent","line":7}
{"type":"eos","line":7}