{"type":"mixin","line":1,"val":"m","args":"id"}
{"type":"indent","line":2,"val":2}
{"type":"tag","line":2,"val":"div","selfClosing":false}
{"type":"indent","line":3,"val":4}
{"type":"mixin-block","line":3}
{"type":"outdent","line":5}
{"type":"outdent","line":5}
{"type":"call","line":5,"val":"m","args":""}
{"type":"indent","line":6,"val":2}
{"type":"text","line":6,"val":"This text should appear"}
{"type":"outdent","line":6}
{"type":"eos","line":6}