{"type":"newline","line":2}
{"type":"mixin","line":2,"val":"foo","args":null}
{"type":"indent","line":3,"val":2}
{"type":"tag","line":3,"val":"h1","selfClosing":false}
{"type":"code","line":3,"val":"title","escape":true,"buffer":true}
{"type":"outdent","line":5}
{"type":"tag","line":5,"val":"html","selfClosing":false}
{"type":"indent","line":6,"val":2}
{"type":"tag","line":6,"val":"body","selfClosing":false}
{"type":"indent","line":7,"val":4}
{"type":"mixin","line":7,"val":"foo","args":null}
{"type":"outdent","line":8}
{"type":"outdent","line":8}
{"type":"eos","line":8}