{"type":"tag","line":1,"val":"script","selfClosing":false}
{"type":"dot","line":1}
{"type":"start-pipeless-text","line":1}
{"type":"text","line":2,"val":"if (foo) {"}
{"type":"newline","line":3}
{"type":"text","line":3,"val":"  "}
{"type":"newline","line":4}
{"type":"text","line":4,"val":"  bar();"}
{"type":"newline","line":5}
{"type":"text","line":5,"val":""}
{"type":"newline","line":6}
{"type":"text","line":6,"val":"}"}
{"type":"end-pipeless-text","line":6}
{"type":"eos","line":6}