{"type":"tag","line":1,"val":"span","selfClosing":false}
{"type":"text","line":1,"val":"."}
{"type":"eos","line":1}