{"type":"tag","line":1,"val":"script","selfClosing":false}
{"type":"attrs","line":1,"attrs":[{"name":"type","val":"'text/x-template'","escaped":true}]}
{"type":"indent","line":2,"val":2}
{"type":"tag","line":2,"val":"article","selfClosing":false}
{"type":"indent","line":3,"val":4}
{"type":"tag","line":3,"val":"h2","selfClosing":false}
{"type":"text","line":3,"val":"{{title}}"}
{"type":"newline","line":4}
{"type":"tag","line":4,"val":"p","selfClosing":false}
{"type":"text","line":4,"val":"{{description}}"}
{"type":"outdent","line":6}
{"type":"outdent","line":6}
{"type":"tag","line":6,"val":"script","selfClosing":false}
{"type":"attrs","line":6,"attrs":[{"name":"type","val":"'text/x-template'","escaped":true}]}
{"type":"dot","line":6}
{"type":"start-pipeless-text","line":6}
{"type":"text","line":7,"val":"article"}
{"type":"newline","line":8}
{"type":"text","line":8,"val":"  h2 {{title}}"}
{"type":"newline","line":9}
{"type":"text","line":9,"val":"  p {{description}}"}
{"type":"end-pipeless-text","line":9}
{"type":"eos","line":9}