{"type":"doctype","line":1,"val":"xml"}
{"type":"newline","line":2}
{"type":"tag","line":2,"val":"category","selfClosing":false}
{"type":"attrs","line":2,"attrs":[{"name":"term","val":"'some term'","escaped":true}],"selfClosing":true}
{"type":"newline","line":3}
{"type":"tag","line":3,"val":"link","selfClosing":false}
{"type":"text","line":3,"val":"http://google.com"}
{"type":"eos","line":3}