{"type":"tag","line":1,"val":"head","selfClosing":false}
{"type":"indent","line":2,"val":2}
{"type":"tag","line":2,"val":"script","selfClosing":false}
{"type":"attrs","line":2,"attrs":[{"name":"src","val":"'/jquery.js'","escaped":true}]}
{"type":"newline","line":3}
{"type":"yield","line":3}
{"type":"newline","line":4}
{"type":"code","line":4,"val":"if ( false)","isElse":false,"isIf":true,"requiresBlock":true}
{"type":"indent","line":5,"val":4}
{"type":"tag","line":5,"val":"script","selfClosing":false}
{"type":"attrs","line":5,"attrs":[{"name":"src","val":"'/jquery.ui.js'","escaped":true}]}
{"type":"outdent","line":6}
{"type":"outdent","line":6}
{"type":"eos","line":6}